[2m10:30:41[22m [34m[@astrojs/cloudflare][39m Enabling sessions with Cloudflare KV with the "SESSION" KV binding.
[2m10:30:41[22m [34m[@astrojs/cloudflare][39m If you see the error "Invalid binding `SESSION`" in your build output, you need to add the binding to your wrangler config file.
[2m10:30:42[22m [34m[content][39m Syncing content
[2m10:30:42[22m [34m[content][39m Synced content
[2m10:30:42[22m [34m[types][39m Generated [2m1.33s[22m
[2m10:30:42[22m [34m[check][39m Getting diagnostics for Astro files in C:\Users\Sajjad Ahmad\Documents\Backup\GitHub\website...
                                                                                                                                                                                                                                                                                                                                                                                                                                                                                                                                                                                                                                                                                                                                                                                                                                                                                                                                                                                                                                                                                                                                                                                                                                                                                                                                                                                                                                                                                                                                                                                                                                                                                                                                                                                                                                                                                                                                                                                                                                                                                                                                                                                                                                                                                                                                                                                                                                                                                                                                                                                                                                                                                                                                                                                                                                                                                                                                                                                                                                                                                                                                                                                                                                                                                                                                                                                                                                                                                                                                                                        